// Jest Snapshot v1, https://goo.gl/fbAQLP

exports[`should return Expense List Item 1`] = `
<Link
  className="list-item"
  replace={false}
  to="/edit/1"
>
  <div
    className="list-item__expense"
  >
    <h3
      className="list-item__name"
    >
      Gum
    </h3>
    <p
      className="list-item__date"
    >
      December 31st, 1969
    </p>
  </div>
  <h3
    className="list-item__amount"
  >
    $1.95
  </h3>
</Link>
`;
